I'm sorry, but errors were detected in your script. Please correct the
errors listed below, and try again.


File "game/script.rpy", line 144: invalid syntax
    hasNotCompletedOrder = !hasNotCompletedOrder  
                            ^

Ren'Py Version: Ren'Py 8.2.1.24030407
Sun Mar 31 15:17:54 2024
